[2026-09-02T09:57:13.347+0000] {manager.py:483} INFO - Processing files using up to 2 processes at a time 
[2026-09-02T09:57:13.349+0000] {manager.py:484} INFO - Process each file at most once every 30 seconds
[2026-09-02T09:57:13.349+0000] {manager.py:485} INFO - Checking for new files in /opt/airflow/dags every 300 seconds
[2026-09-02T09:57:13.350+0000] {manager.py:821} INFO - Searching for files in /opt/airflow/dags
[2026-09-02T09:57:13.353+0000] {manager.py:824} INFO - There are 0 files in /opt/airflow/dags
[2026-09-02T10:02:14.357+0000] {manager.py:821} INFO - Searching for files in /opt/airflow/dags
[2026-09-02T10:02:14.392+0000] {manager.py:824} INFO - There are 0 files in /opt/airflow/dags
[2026-09-02T10:07:14.967+0000] {manager.py:821} INFO - Searching for files in /opt/airflow/dags
[2026-09-02T10:07:15.001+0000] {manager.py:824} INFO - There are 0 files in /opt/airflow/dags
[2026-09-02T10:12:15.502+0000] {manager.py:821} INFO - Searching for files in /opt/airflow/dags
[2026-09-02T10:12:15.567+0000] {manager.py:824} INFO - There are 0 files in /opt/airflow/dags
[2026-09-02T10:17:43.374+0000] {manager.py:821} INFO - Searching for files in /opt/airflow/dags
[2026-09-02T10:17:43.949+0000] {manager.py:824} INFO - There are 0 files in /opt/airflow/dags
[2026-09-02T10:22:44.206+0000] {manager.py:821} INFO - Searching for files in /opt/airflow/dags
[2026-09-02T10:22:44.259+0000] {manager.py:824} INFO - There are 0 files in /opt/airflow/dags
[2026-09-02T10:27:44.644+0000] {manager.py:821} INFO - Searching for files in /opt/airflow/dags
[2026-09-02T10:27:44.675+0000] {manager.py:824} INFO - There are 0 files in /opt/airflow/dags
[2026-09-02T10:32:45.024+0000] {manager.py:821} INFO - Searching for files in /opt/airflow/dags
[2026-09-02T10:32:45.051+0000] {manager.py:824} INFO - There are 0 files in /opt/airflow/dags
[2026-09-02T10:37:45.487+0000] {manager.py:821} INFO - Searching for files in /opt/airflow/dags
[2026-09-02T10:37:45.510+0000] {manager.py:824} INFO - There are 0 files in /opt/airflow/dags
[2026-09-02T10:43:47.515+0000] {manager.py:821} INFO - Searching for files in /opt/airflow/dags
[2026-09-02T10:43:47.545+0000] {manager.py:824} INFO - There are 0 files in /opt/airflow/dags
[2026-09-02T10:48:48.183+0000] {manager.py:821} INFO - Searching for files in /opt/airflow/dags
[2026-09-02T10:48:48.231+0000] {manager.py:824} INFO - There are 0 files in /opt/airflow/dags
[2026-09-02T10:53:48.738+0000] {manager.py:821} INFO - Searching for files in /opt/airflow/dags
[2026-09-02T10:53:48.757+0000] {manager.py:824} INFO - There are 0 files in /opt/airflow/dags
[2026-09-02T10:58:49.114+0000] {manager.py:821} INFO - Searching for files in /opt/airflow/dags
[2026-09-02T10:58:49.138+0000] {manager.py:824} INFO - There are 0 files in /opt/airflow/dags
[2026-09-02T11:03:49.194+0000] {manager.py:821} INFO - Searching for files in /opt/airflow/dags
[2026-09-02T11:03:49.217+0000] {manager.py:824} INFO - There are 0 files in /opt/airflow/dags
